==================================
/proc/sys/kernel/core_pattern=|/usr/lib/systemd/systemd-coredump %P %u %g %s %t 9223372036854775808 %h %d
No configuration file /opt/oai-gnb/etc/gnb.conf found: attempting to find YAML config
==================================
== Configuration file:
Active_gNBs:
 - gnb-rfsim
# Asn1_verbosity, choice in: none, info, annoying
Asn1_verbosity: none
gNBs:
    ##### Identification parameters:
  - gNB_ID: 0xe00
    gNB_name: gnb-rfsim
    tracking_area_code: 0xa000
    plmn_list:
      - mcc: 208
        mnc: 95
        mnc_length: 2
        snssaiList:
          - sst: 1
            sd: 0xffffff
          - sst: 3
            sd: 0xffffff
    nr_cellid: 12345678
    ##### Physical parameters:
    min_rxtxtime: 6
    servingCellConfigCommon:
      #spCellConfigCommon
      - physCellId: 0
      #  downlinkConfigCommon
      #frequencyInfoDL
      # this is 3300.60 MHz + 53*12*30e-3 MHz = 3319.68
        absoluteFrequencySSB: 621312
        # this is 3300.60 MHz
        dl_absoluteFrequencyPointA: 620040
        #scs-SpecificCarrierList
        dl_offstToCarrier: 0
        # subcarrierSpacing
        # 0=kHz15, 1=kHz30, 2=kHz60, 3=kHz120
        dl_subcarrierSpacing: 1
        dl_carrierBandwidth: 106
        #initialDownlinkBWP
        #genericParameters
        # this is RBstart=0,L=106 (275*(L-1))+RBstart
        initialDLBWPlocationAndBandwidth: 28875
        # subcarrierSpacing
        # 0=kHz15, 1=kHz30, 2=kHz60, 3=kHz120
        initialDLBWPsubcarrierSpacing: 1
        #pdcch-ConfigCommon
        initialDLBWPcontrolResourceSetZero: 11
        initialDLBWPsearchSpaceZero: 0
        #uplinkConfigCommon
        #frequencyInfoUL
        ul_frequencyBand: 78
        #scs-SpecificCarrierList
        ul_offstToCarrier: 0
        # subcarrierSpacing
        # 0=kHz15, 1=kHz30, 2=kHz60, 3=kHz120
        ul_subcarrierSpacing: 1
        ul_carrierBandwidth: 106
        pMax: 20
        #initialUplinkBWP
        #genericParameters
        initialULBWPlocationAndBandwidth: 28875
        # subcarrierSpacing
        # 0=kHz15, 1=kHz30, 2=kHz60, 3=kHz120
        initialULBWPsubcarrierSpacing: 1
        #rach-ConfigCommon
        #rach-ConfigGeneric
        prach_ConfigurationIndex: 98
        #prach_msg1_FDM
        #0 = one, 1=two, 2=four, 3=eight
        prach_msg1_FDM: 0
        prach_msg1_FrequencyStart: 0
        zeroCorrelationZoneConfig: 12
        preambleReceivedTargetPower: -104
        #preamblTransMax (0...10) = (3,4,5,6,7,8,10,20,50,100,200)
        preambleTransMax: 6
        #powerRampingStep
        # 0=dB0,1=dB2,2=dB4,3=dB6
        powerRampingStep: 1
        #ssb_perRACH_OccasionAndCB_PreamblesPerSSB_PR
        #1=oneeighth,2=onefourth,3=half,4=one,5=two,6=four,7=eight,8=sixteen
        ssb_perRACH_OccasionAndCB_PreamblesPerSSB_PR: 4
        #one (0..15) 4,8,12,16,...60,64
        ssb_perRACH_OccasionAndCB_PreamblesPerSSB: 15
        #ra_ContentionResolutionTimer
        #(0..7) 8,16,24,32,40,48,56,64
        ra_ContentionResolutionTimer: 7
        rsrp_ThresholdSSB: 19
        #prach-RootSequenceIndex_PR
        #1 = 839, 2 = 139
        prach_RootSequenceIndex_PR: 2
        prach_RootSequenceIndex: 1
        # SCS for msg1, can only be 15 for 30 kHz < 6 GHz, takes precendence over the one derived from prach-ConfigIndex
        msg1_SubcarrierSpacing: 1
        # restrictedSetConfig
        # 0=unrestricted, 1=restricted type A, 2=restricted type B
        restrictedSetConfig: 0
        msg3_DeltaPreamble: 1
        p0_NominalWithGrant: -90

        # pucch-ConfigCommon setup :
        # pucchGroupHopping
        # 0 = neither, 1= group hopping, 2=sequence hopping
        pucchGroupHopping: 0
        hoppingId: 40
        p0_nominal: -90
        ssb_PositionsInBurst_Bitmap: 1
        # ssb_periodicityServingCell
        # 0 = ms5, 1=ms10, 2=ms20, 3=ms40, 4=ms80, 5=ms160, 6=spare2, 7=spare1
        ssb_periodicityServingCell: 2

        # dmrs_TypeA_position
        # 0 = pos2, 1 = pos3
        dmrs_TypeA_Position: 0

        # subcarrierSpacing
        # 0=kHz15, 1=kHz30, 2=kHz60, 3=kHz120
        subcarrierSpacing: 1

        #tdd-UL-DL-ConfigurationCommon
        # subcarrierSpacing
        # 0=kHz15, 1=kHz30, 2=kHz60, 3=kHz120
        referenceSubcarrierSpacing: 1

        # pattern1
        # dl_UL_TransmissionPeriodicity
        # 0=ms0p5, 1=ms0p625, 2=ms1, 3=ms1p25, 4=ms2, 5=ms2p5, 6=ms5, 7=ms10
        dl_UL_TransmissionPeriodicity: 6
        nrofDownlinkSlots: 7
        nrofDownlinkSymbols: 6
        nrofUplinkSlots: 2
        nrofUplinkSymbols: 4
        ssPBCH_BlockPower: -25
    SCTP:
      SCTP_INSTREAMS: 2
      SCTP_OUTSTREAMS: 2

    ##### AMF parameters:
    amf_ip_address:
      - ipv4: 192.168.70.132

    NETWORK_INTERFACES:
      GNB_IPV4_ADDRESS_FOR_NG_AMF: 192.168.70.153
      GNB_IPV4_ADDRESS_FOR_NGU: 192.168.71.153
      GNB_PORT_FOR_S1U: 2152 # Spec 2152


MACRLCs:
  - num_cc: 1
    tr_s_preference: local_L1
    tr_n_preference: local_RRC
    pusch_TargetSNRx10: 200
    pucch_TargetSNRx10: 200

L1s:
  - num_cc: 1
    tr_n_preference:  local_mac
    prach_dtx_threshold: 200
    # pucch0_dtx_threshold = 150;

RUs:
  - local_rf: yes
    nb_tx: 1
    nb_rx: 1
    att_tx: 0
    att_rx: 0
    bands: [78]
    max_pdschReferenceSignalPower: -27
    max_rxgain: 75
    eNB_instances: [0]
    sf_extension: 0
    sdr_addrs: serial=XXXXXXX

rfsimulator:
  serveraddr: server

security:
  # preferred ciphering algorithms
  # the first one of the list that an UE supports in chosen
  # valid values: nea0, nea1, nea2, nea3
  ciphering_algorithms: [nea0]

  # preferred integrity algorithms
  # the first one of the list that an UE supports in chosen
  # valid values: nia0, nia1, nia2, nia3
  integrity_algorithms: [nia2, nia0]

  # setting 'drb_ciphering' to "no" disables ciphering for DRBs, no matter
  # what 'ciphering_algorithms' configures; same thing for 'drb_integrity'
  drb_ciphering: yes
  drb_integrity: no

log_config:
  global_log_level: info
  hw_log_level: info
  phy_log_level: info
  mac_log_level: info
  rlc_log_level: info
  pdcp_log_level: info
  rrc_log_level: info
  ngap_log_level: debug
  f1ap_log_level: debug
==================================
== Load USRP binaries
==================================
== Starting gNB soft modem
Additional option(s): -E --rfsim --MACRLCs.[0].stats_max_ue 0 --log_config.global_log_options level,nocolor,time
/opt/oai-gnb/bin/nr-softmodem -O /opt/oai-gnb/etc/gnb.yaml -E --rfsim --MACRLCs.[0].stats_max_ue 0 --log_config.global_log_options level,nocolor,time
CMDLINE: "/opt/oai-gnb/bin/nr-softmodem" "-O" "/opt/oai-gnb/etc/gnb.yaml" "-E" "--rfsim" "--MACRLCs.[0].stats_max_ue" "0" "--log_config.global_log_options" "level,nocolor,time" 
101871.195568 [UTIL]   I running in SA mode (no --phy-test, --do-ra, --nsa option present)
101872.196262 [OPT]    I OPT disabled
101872.196271 [HW]     I Version: Branch: HEAD Abrev. Hash: 2407c35633 Date: Fri Apr 3 10:09:09 2026 +0000
101872.196850 [GNB_APP] I Initialized RAN Context: RC.nb_nr_inst = 1, RC.nb_nr_macrlc_inst = 1, RC.nb_nr_L1_inst = 1, RC.nb_RU = 1, RC.nb_nr_CC[0] = 1
101872.196855 [NR_PHY] I Initializing gNB RAN context: RC.nb_nr_L1_inst = 1 
101872.197321 [NR_PHY] I Registered with MAC interface module (0x61b810627bb0)
101872.197327 [NR_PHY] I Initializing NR L1: RC.nb_nr_L1_inst = 1
101872.197959 [NR_PHY] I thread cores for L1_RX -1 L1_TX -1
101872.197963 [NR_PHY] I TX_AMP = 519 (-36 dBFS)
101872.198068 [PHY]    I No prs_config configuration found..!!
101872.198792 [GNB_APP] I pdsch_AntennaPorts N1 1 N2 1 XP 1 pusch_AntennaPorts 1
101872.198923 [GNB_APP] I minTXRXTIME 6
101872.198925 [GNB_APP] I CSI-RS 0, SRS 0, report type 0 (ssb_rsrp), 256 QAM may be on, delta_MCS off, maxMIMO_Layers -1, HARQ feedback enabled, num DLHARQ:16, num ULHARQ:16
101872.199007 [GNB_APP] I No RedCap configuration found
101872.199081 [GNB_APP] I No PTRS configuration found
101872.199155 [GNB_APP] I sr_ProhibitTimer 0, sr_TransMax 64, sr_ProhibitTimer_v1700 0, t300 400, t301 400, t310 2000, n310 10, t311 3000, n311 1, t319 400
101872.199157 [NR_MAC] I Candidates per PDCCH aggregation level on UESS: L1: 0, L2: 2, L4: 0, L8: 0, L16: 0
101872.199737 [RRC]    I Read in ServingCellConfigCommon (PhysCellId 0, ABSFREQSSB 621312, DLBand 78, ABSFREQPOINTA 620040, DLBW 106,RACH_TargetReceivedPower -104
101872.199742 [NR_MAC] I Computing frequency (nrarfcn 621312 => 3319680 KHz, NR band 78
101872.199743 [RRC]    I absoluteFrequencySSB 621312 corresponds to 3319680000 Hz
101872.199744 [NR_MAC] I Computing frequency (nrarfcn 620040 => 3300600 KHz, NR band 78
101872.199752 [NR_MAC] I TDD period index = 6, based on the sum of dl_UL_TransmissionPeriodicity from Pattern1 (5.000000 ms) and Pattern2 (0.000000 ms): Total = 5.000000 ms
101872.200046 [NR_MAC] I PUSCH Target 200 RSSI thresh 0 Failure 10, PUCCH Target 200 RSSI thresh 0 Failure 10
101872.200334 [UTIL]   I threadCreate() for MAC_STATS: creating thread with affinity ffffffff, priority 2
101872.201996 [NR_PHY] I Copying 0 blacklisted PRB to L1 context
101872.202531 [NR_MAC] I Computing frequency (nrarfcn 620040 => 3300600 KHz, NR band 78
101872.202534 [NR_MAC] I Computing frequency (nrarfcn 620040 => 3300600 KHz, NR band 78
101872.202537 [NR_MAC] I Set TX antenna number to 1, Set RX antenna number to 1 (num ssb 1: 80000000,0)
101872.202539 [NR_MAC] I TDD period index = 6, based on the sum of dl_UL_TransmissionPeriodicity from Pattern1 (5.000000 ms) and Pattern2 (0.000000 ms): Total = 5.000000 ms
101872.202541 [NR_MAC] I Set TDD configuration period to: 8 DL slots, 3 UL slots, 10 slots per period (NR_TDD_UL_DL_Pattern is 7 DL slots, 2 UL slots, 6 DL symbols, 4 UL symbols)
101872.202542 [NR_MAC] I Configured 1 TDD patterns (total slots: pattern1 = 10, pattern2 = 0)
101872.202543 [NR_PHY] I Set TDD Period Configuration: 2 periods per frame, 20 slots to be configured (8 DL, 3 UL)
101872.202546 [NR_PHY] I TDD period configuration: slot 0 is DOWNLINK
101872.202546 [NR_PHY] I TDD period configuration: slot 1 is DOWNLINK
101872.202547 [NR_PHY] I TDD period configuration: slot 2 is DOWNLINK
101872.202548 [NR_PHY] I TDD period configuration: slot 3 is DOWNLINK
101872.202548 [NR_PHY] I TDD period configuration: slot 4 is DOWNLINK
101872.202549 [NR_PHY] I TDD period configuration: slot 5 is DOWNLINK
101872.202549 [NR_PHY] I TDD period configuration: slot 6 is DOWNLINK
101872.202550 [NR_PHY] I TDD period configuration: slot 7 is FLEXIBLE: DDDDDDFFFFUUUU
101872.202551 [NR_PHY] I TDD period configuration: slot 8 is UPLINK
101872.202552 [NR_PHY] I TDD period configuration: slot 9 is UPLINK
101872.202554 [NR_MAC] I Command line parameters for OAI UE: -C 3319680000 -r 106 --numerology 1 --band 78 --ssb 516 -E
101872.202560 [PHY]    I DL frequency 3319680000 Hz, UL frequency 3319680000 Hz: uldl offset 0 Hz
101872.202561 [PHY]    I Initializing frame parms for mu 1, N_RB 106, Ncp 0
101872.202562 [PHY]    I Init: N_RB_DL 106, first_carrier_offset 900, nb_prefix_samples 108,nb_prefix_samples0 132, ofdm_symbol_size 1536
101872.202671 [NR_MAC] I TDA index 0: start 0 length 13 k2 6
101872.202672 [NR_MAC] I TDA index 1: start 10 length 3 k2 6
101872.203830 [NR_RRC] I SIB1 freq: offsetToPointA 86
101872.203915 [GNB_APP] I F1AP: gNB idx 0 gNB_DU_id 3584, gNB_DU_name gnb-rfsim, TAC 40960 MCC/MNC/length 208/95/2 cellID 12345678
101872.203917 [GNB_APP] I ngran_DU: Configuring Cell 0 for TDD
101872.203941 [GNB_APP] I Configured DU: cell ID 12345678, PCI 0
101872.206631 [GNB_APP] I SDAP layer is enabled
101872.213590 [GNB_APP] I Parsed IPv4 address for NG AMF: 192.168.70.153
101872.213601 [UTIL]   I threadCreate() for TASK_SCTP: creating thread with affinity ffffffff, priority 50
101872.215245 [X2AP]   I X2AP is disabled.
101872.215360 [UTIL]   I threadCreate() for TASK_NGAP: creating thread with affinity ffffffff, priority 50
101872.216965 [UTIL]   I threadCreate() for TASK_RRC_GNB: creating thread with affinity ffffffff, priority 50
101872.216962 [NGAP]   D Starting NGAP layer
101872.218689 [NGAP]   I Registered new gNB[0] and macro gNB id 3584
101872.218699 [NGAP]   I [gNB 0] check the amf registration state
101872.218790 [NR_RRC] I Entering main loop of NR_RRC message task
101872.219094 [GTPU]   I Configuring GTPu
101872.219146 [NGAP]   A Send NGSetupRequest to AMF
101872.219150 [NGAP]   I 3584 -> 0000e000
101872.219197 [GTPU]   I SA mode 
101872.219201 [GTPU]   I Configuring GTPu address : 192.168.71.153, port : 2152
101872.219203 [GTPU]   I Initializing UDP for local address 192.168.71.153 with port 2152
101872.219218 [GTPU]   I Created gtpu instance id: 81
101872.219221 [UTIL]   I threadCreate() for GTPrx_81: creating thread with affinity ffffffff, priority 50
101872.219857 [NGAP]   D Served GUAMIs for AMF OAI-AMF (assoc_id=31):
101872.219860 [NGAP]   D  GUAMI:
101872.219861 [NGAP]   D    PLMN: MCC=208, MNC=95
101872.219862 [NGAP]   D    AMF Region ID: 1
101872.219863 [NGAP]   D    AMF Set ID: 1
101872.219863 [NGAP]   D    AMF Pointer: 1
101872.219864 [NGAP]   D  GUAMI:
101872.219865 [NGAP]   D    PLMN: MCC=001, MNC=01
101872.219865 [NGAP]   D    AMF Region ID: 1
101872.219866 [NGAP]   D    AMF Set ID: 1
101872.219867 [NGAP]   D    AMF Pointer: 1
101872.219868 [NGAP]   I Supported PLMN 0: MCC=208 MNC=95
101872.219869 [NGAP]   I Supported slice (PLMN 0): SST=0x01 SD=000
101872.219870 [NGAP]   I Supported slice (PLMN 0): SST=0x01 SD=001
101872.219871 [NGAP]   I Supported slice (PLMN 0): SST=0x03 SD=000
101872.219872 [NGAP]   I Supported slice (PLMN 0): SST=0xde SD=00123
101872.219875 [NGAP]   A Received NGSetupResponse from AMF
101872.220835 [UTIL]   I threadCreate() for TASK_GNB_APP: creating thread with affinity ffffffff, priority 50
101872.220850 [NR_RRC] I Accepting new CU-UP ID 3584 name gnb-rfsim (assoc_id -1)
101872.222634 [UTIL]   I threadCreate() for TASK_GTPV1_U: creating thread with affinity ffffffff, priority 50
101872.225057 [GNB_APP] I [gNB 0] Received NGAP_REGISTER_GNB_CNF: associated AMF 1
101872.225065 [NR_RRC] I Received F1 Setup Request from gNB_DU 3584 (gnb-rfsim) on assoc_id -1
101872.225070 [NR_RRC] I Accepting DU 3584 (gnb-rfsim) (RRC version 17.3.0)
101872.225157 [NR_RRC] I Added cell 12345678 to DU cells array (total cells = 1)
101872.225162 [NR_RRC] I DU 3584: Added cell 12345678
101872.225165 [NR_RRC] I DU 3584 (gnb-rfsim): sending F1 Setup Response
101872.225167 [MAC]    I received F1 Setup Response from CU (null)
101872.225170 [MAC]    I CU uses RRC version 17.3.0
101872.225177 [MAC]    I Clearing the DU's UE states before, if any.
101872.225182 [NR_RRC] I cell PLMN 208.95 Cell ID 12345678 is in service
101872.225186 [MAC]    I received gNB-DU configuration update acknowledge
101872.225424 [UTIL]   I threadCreate() for time source iq samples: creating thread with affinity ffffffff, priority 2
101872.227044 [UTIL]   I time manager configuration: [time source: iq_samples] [mode: standalone] [server IP: 127.0.0.1} [server port: 7374] (server IP/port not used)
101872.278338 [PHY]    I number of L1 instances 1, number of RU 1, number of CPU cores 14
101872.278523 [PHY]    I Initialized RU proc 0 (,synch_to_ext_device),
101872.278530 [PHY]    I RU thread-pool core string -1,-1 (size 2)
101872.278541 [UTIL]   I threadCreate() for Tpool0_-1: creating thread with affinity ffffffff, priority 97
101872.280765 [UTIL]   I threadCreate() for Tpool1_-1: creating thread with affinity ffffffff, priority 97
101872.282740 [UTIL]   I threadCreate() for ru_thread: creating thread with affinity ffffffff, priority 97
101872.284428 [PHY]    I Starting RU 0 (,synch_to_ext_device) on cpu 8
101872.284441 [PHY]    I Initializing frame parms for mu 1, N_RB 106, Ncp 0
101872.284445 [PHY]    I Init: N_RB_DL 106, first_carrier_offset 900, nb_prefix_samples 108,nb_prefix_samples0 132, ofdm_symbol_size 1536
101872.284448 [PHY]    I fp->scs=30000
101872.284450 [PHY]    I fp->ofdm_symbol_size=1536
101872.284452 [PHY]    I fp->nb_prefix_samples0=132
101872.284453 [PHY]    I fp->nb_prefix_samples=108
101872.284455 [PHY]    I fp->slots_per_subframe=2
101872.284456 [PHY]    I fp->samples_per_subframe_wCP=43008
101872.284458 [PHY]    I fp->samples_per_frame_wCP=430080
101872.284459 [PHY]    I fp->samples_per_subframe=46080
101872.284461 [PHY]    I fp->samples_per_frame=460800
101872.284462 [PHY]    I fp->dl_CarrierFreq=3319680000
101872.284464 [PHY]    I fp->ul_CarrierFreq=3319680000
101872.284465 [PHY]    I fp->Nid_cell=0
101872.284467 [PHY]    I fp->first_carrier_offset=900
101872.284468 [PHY]    I fp->ssb_start_subcarrier=0
101872.284469 [PHY]    I fp->Ncp=0
101872.284471 [PHY]    I fp->N_RB_DL=106
101872.284472 [PHY]    I fp->numerology_index=1
101872.284474 [PHY]    I fp->ofdm_offset_divisor=8
101872.284475 [PHY]    I fp->threequarter_fs=1
101872.284477 [PHY]    I fp->sl_CarrierFreq=0
101872.284478 [PHY]    I fp->N_RB_SL=0
101872.284480 [NR_PHY] I nb_tx_streams 1, nb_rx_streams 1, num_Beams_period 1
101872.286483 [PHY]    I Setting RF config for N_RB 106, NB_RX 1, NB_TX 1
101872.286488 [PHY]    I tune_offset 0 Hz, sample_rate 46080000 Hz
101872.286493 [PHY]    I Channel 0: setting tx_gain offset 0, tx_freq 3319680000 Hz
101872.286495 [PHY]    I Channel 0: setting rx_gain offset 75, rx_freq 3319680000 Hz
101872.287758 [HW]     W Warning: rfsimulator parameters should be provided as array elements!
101872.287774 [HW]     I Running as server waiting opposite rfsimulators to connect
101872.287909 [HW]     I [RAU] has loaded RFSIMULATOR device.
101872.287912 [PHY]    I RU 0 Setting N_TA_offset to 600 samples (UL Freq 3300600, N_RB 106, mu 1)
101872.287914 [PHY]    I Signaling main thread that RU 0 is ready, sl_ahead 6
101872.287927 [PHY]    I L1 configured without analog beamforming
101872.509416 [PHY]    I Attaching RU 0 antenna 0 to gNB antenna 0
101872.509442 [UTIL]   I threadCreate() for Tpool0_-1: creating thread with affinity ffffffff, priority 97
101872.511010 [UTIL]   I threadCreate() for Tpool1_-1: creating thread with affinity ffffffff, priority 97
101872.512522 [UTIL]   I threadCreate() for Tpool2_-1: creating thread with affinity ffffffff, priority 97
101872.514121 [UTIL]   I threadCreate() for Tpool3_-1: creating thread with affinity ffffffff, priority 97
101872.515668 [UTIL]   I threadCreate() for Tpool4_-1: creating thread with affinity ffffffff, priority 97
101872.517350 [UTIL]   I threadCreate() for Tpool5_-1: creating thread with affinity ffffffff, priority 97
101872.518893 [UTIL]   I threadCreate() for Tpool6_-1: creating thread with affinity ffffffff, priority 97
101872.520446 [UTIL]   I threadCreate() for Tpool7_-1: creating thread with affinity ffffffff, priority 97
101872.522190 [UTIL]   I threadCreate() for L1_rx_thread: creating thread with affinity ffffffff, priority 97
101872.523716 [UTIL]   I threadCreate() for L1_tx_thread: creating thread with affinity ffffffff, priority 97
101872.525257 [UTIL]   I threadCreate() for L1_stats: creating thread with affinity ffffffff, priority 1
101872.526760 [PHY]    I got sync (L1_stats_thread)
101872.526764 [PHY]    I got sync (ru_thread)
[CONFIG] function config_yaml_init returned 0
E2 agent is DISABLED (for activation, define .e2_agent.{near_ric_ip_addr,sm_dir} parameters)
Initializing random number generator, seed 14670117788442115622
TYPE <CTRL-C> TO TERMINATE
101872.526836 [PHY]    I RU 0 rf device ready
101872.526839 [PHY]    I RU 0 RF started cpu_meas_enabled 0
101872.526849 [HW]     I No connected device, generating void samples...
101873.936640 [PHY]    A Command line parameters for OAI UE: -C 3319680000 -r 106 --numerology 1 --ssb 516 -E
101895.019099 [HW]     I Client connects from ::ffff:192.168.70.156:61080
101895.020940 [HW]     A RFsim: Number of antennas changed from 0 to 1
101895.403395 [NR_PHY] A [RAPROC] 225.19 Initiating RA procedure with preamble 41, energy 44.5 dB (I0 0, thres 200), delay 0 start symbol 0 freq index 0
101895.403455 [NR_MAC] A 225.19 UE RA-RNTI 010b TC-RNTI bd7f: initiating RA procedure
101895.403457 [NR_MAC] I UE bd7f: Sync beam index 0
101895.403868 [NR_MAC] I UE bd7f: Msg3 scheduled at 226.19 (226.10 TDA 0) start 0 RBs 8
101895.403877 [NR_MAC] A UE bd7f: 226.10 Generating RA-Msg2 DCI, RA RNTI 0x10b, state 1, preamble_index(RAPID) 41, timing_offset = 0 (estimated distance 0.0 [m])
101895.406254 [NR_MAC] A  226.19 PUSCH with TC_RNTI 0xbd7f received correctly
101895.406265 [MAC]    I [RAPROC] Received SDU for CCCH length 6 for UE bd7f
101895.406271 [RLC]    I Activated srb0 for UE 48511
101895.406296 [RLC]    I Added srb 1 to UE 48511
101895.406371 [NR_MAC] I Activating scheduling Msg4 for TC_RNTI 0xbd7f (state WAIT_Msg3)
101895.406382 [NR_RRC] I Decoding CCCH: RNTI bd7f, payload_size 6
101895.406400 [NR_RRC] A [--] (cellID 0, UE ID 1 RNTI bd7f) Create UE context: CU UE ID 1 DU UE ID 48511 (rnti: bd7f, random ue id f8526502c2000000)
101895.406406 [NR_RRC] I Adding new PCell (cell 12345678, assoc_id -1)
101895.406414 [RRC]    I activate SRB 1 of UE 1
101895.406420 [NR_RRC] A [DL] (cellID bc614e, UE ID 1 RNTI bd7f) Send RRC Setup
101895.406586 [NR_MAC] I UE bd7f Generate Msg4: feedback at  227.17, payload 157 bytes, next state nrRA_WAIT_Msg4_MsgB_ACK
101895.408723 [NR_MAC] A  227.17 UE bd7f: Received Ack of Msg4. CBRA procedure succeeded (UE Connected)
101895.408737 [NR_MAC] I Adding new UE context with RNTI 0xbd7f
101895.414635 [NR_RRC] A [UL] (cellID bc614e, UE ID 1 RNTI bd7f) Received RRCSetupComplete (RRC_CONNECTED reached)
101895.414650 [NGAP]   I Selected PLMN in the NG Initial UE Message: MCC=208 MNC=95
101895.414670 [NGAP]   I UE 1: Selected AMF 'OAI-AMF' (assoc_id 31) through selected PLMN MCC=208 MNC=95
101895.414696 [NGAP]   I Create UE context (ID 1) for AMF 'OAI-AMF' (assoc_id 31)
101895.436384 [NR_RRC] A [DL] (cellID bc614e, UE ID 1 RNTI bd7f) Send DL Information Transfer [42 bytes]
101895.444814 [NR_RRC] A [UL] (cellID bc614e, UE ID 1 RNTI bd7f) Received RRC UL Information Transfer [24 bytes]
101895.472474 [NR_RRC] A [DL] (cellID bc614e, UE ID 1 RNTI bd7f) Send DL Information Transfer [21 bytes]
101895.479706 [NR_RRC] A [UL] (cellID bc614e, UE ID 1 RNTI bd7f) Received RRC UL Information Transfer [60 bytes]
101895.490283 [NGAP]   D NGAP_FIND_PROTOCOLIE_BY_ID ie is NULL (searching for ie: 110)
101895.490297 [NGAP]   D NGAP_FIND_PROTOCOLIE_BY_ID ie is NULL (searching for ie: 71)
101895.490299 [NGAP]   D AllowedNSSAI.list.count 2
101895.490308 [NGAP]   I Initial Context Setup UE RAN ID 1 UE AMF ID 1: 0 PDU session(s)
101895.490322 [NR_RRC] A [--] (cellID bc614e, UE ID 1 RNTI bd7f) Selected security algorithms: ciphering 0, integrity 2
101895.490331 [NR_RRC] I [UE bd7f] Saved security key 5E
101895.493306 [NR_RRC] I UE 1 Logical Channel DL-DCCH, Generate SecurityModeCommand (bytes 3)
101895.499988 [NR_RRC] A [UL] (cellID bc614e, UE ID 1 RNTI bd7f) Received Security Mode Complete
101895.501336 [NR_RRC] I UE 1: Logical Channel DL-DCCH, Generate NR UECapabilityEnquiry (bytes 8, xid 1)
101895.508143 [NR_RRC] A [UL] (cellID bc614e, UE ID 1 RNTI bd7f) Received UE capabilities
101895.508182 [NR_RRC] I Send message to ngap: NGAP_UE_CAPABILITIES_IND
101895.508409 [NR_RRC] A [DL] (cellID bc614e, UE ID 1 RNTI bd7f) Send DL Information Transfer [57 bytes]
101895.508431 [NR_RRC] I Send message to sctp: NGAP_InitialContextSetupResponse
101895.516356 [NR_RRC] A [UL] (cellID bc614e, UE ID 1 RNTI bd7f) Received RRC UL Information Transfer [13 bytes]
101895.516577 [NR_RRC] A [UL] (cellID bc614e, UE ID 1 RNTI bd7f) Received RRC UL Information Transfer [40 bytes]
101895.536218 [NGAP]   I PDUSESSIONSetup initiating message
101895.536552 [NR_RRC] I UE 1: received PDU Session Resource Setup Request
101895.536566 [NR_RRC] I Added QoS flow with qfi=1, total number of QoS flows = 1
101895.536595 [NR_RRC] I Added PDU Session 2, (total nb of sessions = 1)
101895.537894 [NR_RRC] I Bearer Context Setup: PDU Session ID=2, incoming TEID=0x00000001, Addr=192.168.71.129
101895.537905 [NR_RRC] I Added DRB 1 to established list (PDU Session ID=2, total DRBs = 1)
101895.537907 [NR_RRC] I UE 1: added DRB 1 for PDU session ID 2
101895.537913 [NR_RRC] A [--] (cellID bc614e, UE ID 1 RNTI bd7f) selecting CU-UP ID 3584 based on exact NSSAI match (3:0xffffff)
101895.537916 [RRC]    I UE 1 associating to CU-UP assoc_id -1 out of 1 CU-UPs
101895.537957 [E1AP]   I UE 1: add PDU session ID 2 (1 bearers)
101895.537967 [GTPU]   I [81] UE ID 1: Create tunnel TEID incoming 0x4db28f61 outgoing 0x1 to remote IPv4 192.168.71.129, IPv6 ::, port 2152
101895.537974 [SDAP]   I Default DRB for the created SDAP entity: DRB 1 
101895.537980 [PDCP]   I Added DRB 1 to UE ID 1
101895.538180 [RRC]    I activate SRB 2 of UE 1
101895.539538 [RLC]    I Added srb 2 to UE 48511
101895.540056 [RLC]    I Added drb 1 to UE 48511
101895.540064 [RLC]    I Added DRB to UE 48511
101895.540157 [RRC]    I UE 1 trigger UE context setup request with 1 DRBs
101895.541370 [E1AP]   I UE 1: updating PDU session ID 2 (1 bearers)
101895.541382 [PDCP]   I DRB 1 re-established
101895.541907 [NR_RRC] A [DL] (cellID bc614e, UE ID 1 RNTI bd7f) Generate RRCReconfiguration (bytes 311, xid 3)
101895.541932 [NR_RRC] I Received E1AP Bearer Context Modification Response for UE CU-CP ID 1
101895.541935 [RRC]    I UE 1: PDU session ID 2 modified 1 bearers
101895.544801 [NR_MAC] W Received ACK for RRCReconfiguration, but nothing to apply!
101895.553783 [NR_RRC] A [UL] (cellID bc614e, UE ID 1 RNTI bd7f) Received RRCReconfigurationComplete
101895.553823 [NR_RRC] I PDU Session Setup: ID=2, outgoing TEID=0x4db28f61, Addr=192.168.71.153
101895.553826 [NR_RRC] I NGAP_PDUSESSION_SETUP_RESP: sending the message
101895.553855 [NGAP]   D Encoded PDU Session Transfer (2): TEID=0x4db28f61, Addr=192.168.71.153
101895.554018 [NR_MAC] I DU received confirmation of successful RRC Reconfiguration
101928.325169 [NR_RRC] A [UL] (cellID bc614e, UE ID 1 RNTI bd7f) Received RRC UL Information Transfer [27 bytes]
101928.328446 [NR_RRC] A [DL] (cellID bc614e, UE ID 1 RNTI bd7f) Send DL Information Transfer [3 bytes]
101928.528657 [E1AP]   I releasing UE 1
101928.528671 [GTPU]   I [81] UE ID 1: Delete all tunnels (1 tunnels)
101928.528699 [NR_RRC] A [DL] (cellID bc614e, UE ID 1 RNTI bd7f) Send RRC Release
101928.528720 [RRC]    I UE 1: received bearer release complete
101928.571690 [RLC]    W Remove UE 48511
101928.571715 [NR_RRC] I removed UE CU UE ID 1/RNTI bd7f 
101928.571745 [NR_RRC] I [--] (UE ID 1 RNTI bd7f) Remove UE context
101928.572278 [NR_MAC] I Remove NR rnti 0xbd7f
101934.076541 [HW]     W Lost socket

** Caught SIGTERM, shutting down
101941.311409 [GNB_APP] I stopping nr-softmodem
101941.311421 [PHY]    I Killing gNB 0 processing threads
101941.811354 [PHY]    I Stopping RU 0 processing threads
101941.813640 [PHY]    I RU 0 RF device stopped
101941.813643 [GNB_APP] I turned off RU rfdevice
Returned from ITTI signal handler
Bye.
[INFO  tini (1)] Spawned child process '/opt/oai-gnb/bin/entrypoint.sh' with pid '7'
[INFO  tini (1)] Main child exited normally (with status '0')
